node:internal/modules/run_main:123
    triggerUncaughtException(
    ^

Error: Directory import 'D:\thue_tro_123\fullstack-phong-tro-123\server\src\routes' is not supported resolving ES modules imported from D:\thue_tro_123\fullstack-phong-tro-123\server\server.js
Did you mean to import "./src/routes/index.js"?
    at finalizeResolution (node:internal/modules/esm/resolve:263:11)
    at moduleResolve (node:internal/modules/esm/resolve:860:10)
    at defaultResolve (node:internal/modules/esm/resolve:984:11)
    at ModuleLoader.defaultResolve (node:internal/modules/esm/loader:780:12)
    at ModuleLoader.#cachedDefaultResolve (node:internal/modules/esm/loader:704:25)
    at ModuleLoader.resolve (node:internal/modules/esm/loader:687:38)
    at ModuleLoader.getModuleJobForImport (node:internal/modules/esm/loader:305:38)
    at ModuleJob._link (node:internal/modules/esm/module_job:137:49) {
  code: 'ERR_UNSUPPORTED_DIR_IMPORT',
  url: 'file:///D:/thue_tro_123/fullstack-phong-tro-123/server/src/routes'
}

Node.js v22.16.0
(node:23940) [MODULE_TYPELESS_PACKAGE_JSON] Warning: Module type of file:///D:/thue_tro_123/fullstack-phong-tro-123/server/server.js is not specified and it doesn't parse as CommonJS.
Reparsing as ES module because module syntax was detected. This incurs a performance overhead.
To eliminate this warning, add "type": "module" to D:\thue_tro_123\fullstack-phong-tro-123\server\package.json.
(Use `node --trace-warnings ...` to show where the warning was created)
node:internal/modules/esm/resolve:275
    throw new ERR_MODULE_NOT_FOUND(
          ^

Error: Cannot find module 'D:\thue_tro_123\fullstack-phong-tro-123\server\src\routes\auth' imported from D:\thue_tro_123\fullstack-phong-tro-123\server\src\routes\index.js
    at finalizeResolution (node:internal/modules/esm/resolve:275:11)
    at moduleResolve (node:internal/modules/esm/resolve:860:10)
    at defaultResolve (node:internal/modules/esm/resolve:984:11)
    at ModuleLoader.defaultResolve (node:internal/modules/esm/loader:780:12)
    at ModuleLoader.#cachedDefaultResolve (node:internal/modules/esm/loader:704:25)
    at ModuleLoader.resolve (node:internal/modules/esm/loader:687:38)
    at ModuleLoader.getModuleJobForImport (node:internal/modules/esm/loader:305:38)
    at ModuleJob._link (node:internal/modules/esm/module_job:137:49) {
  code: 'ERR_MODULE_NOT_FOUND',
  url: 'file:///D:/thue_tro_123/fullstack-phong-tro-123/server/src/routes/auth'
}

Node.js v22.16.0
(node:13964) [MODULE_TYPELESS_PACKAGE_JSON] Warning: Module type of file:///D:/thue_tro_123/fullstack-phong-tro-123/server/server.js is not specified and it doesn't parse as CommonJS.
Reparsing as ES module because module syntax was detected. This incurs a performance overhead.
To eliminate this warning, add "type": "module" to D:\thue_tro_123\fullstack-phong-tro-123\server\package.json.
(Use `node --trace-warnings ...` to show where the warning was created)
node:internal/modules/esm/assert:88
        throw new ERR_IMPORT_ATTRIBUTE_MISSING(url, 'type', validType);
              ^

TypeError: Module "file:///D:/thue_tro_123/fullstack-phong-tro-123/server/data/chothuematbang.json" needs an import attribute of "type: json"
    at validateAttributes (node:internal/modules/esm/assert:88:15)
    at defaultLoad (node:internal/modules/esm/load:130:3)
    at ModuleLoader.loadAndTranslate (node:internal/modules/esm/loader:580:32) {
  code: 'ERR_IMPORT_ATTRIBUTE_MISSING'
}

Node.js v22.16.0
(node:15960) [MODULE_TYPELESS_PACKAGE_JSON] Warning: Module type of file:///D:/thue_tro_123/fullstack-phong-tro-123/server/server.js is not specified and it doesn't parse as CommonJS.
Reparsing as ES module because module syntax was detected. This incurs a performance overhead.
To eliminate this warning, add "type": "module" to D:\thue_tro_123\fullstack-phong-tro-123\server\package.json.
(Use `node --trace-warnings ...` to show where the warning was created)
node:internal/modules/esm/assert:88
        throw new ERR_IMPORT_ATTRIBUTE_MISSING(url, 'type', validType);
              ^

TypeError: Module "file:///D:/thue_tro_123/fullstack-phong-tro-123/server/data/chothuecanho.json" needs an import attribute of "type: json"
    at validateAttributes (node:internal/modules/esm/assert:88:15)
    at defaultLoad (node:internal/modules/esm/load:130:3)
    at ModuleLoader.loadAndTranslate (node:internal/modules/esm/loader:580:32) {
  code: 'ERR_IMPORT_ATTRIBUTE_MISSING'
}

Node.js v22.16.0
D:\thue_tro_123\fullstack-phong-tro-123\server\node_modules\@babel\core\lib\config\files\package.js:58
    throw err;
    ^

SyntaxError: D:\thue_tro_123\fullstack-phong-tro-123\server\package.json: Error while parsing JSON - Expected ',' or '}' after property value in JSON at position 728 (line 16 column 5)
    at JSON.parse (<anonymous>)
    at D:\thue_tro_123\fullstack-phong-tro-123\server\node_modules\@babel\core\lib\config\files\package.js:55:20
    at D:\thue_tro_123\fullstack-phong-tro-123\server\node_modules\@babel\core\lib\config\files\utils.js:30:12
    at Generator.next (<anonymous>)
    at Function.<anonymous> (D:\thue_tro_123\fullstack-phong-tro-123\server\node_modules\@babel\core\lib\gensync-utils\async.js:27:3)
    at Generator.next (<anonymous>)
    at evaluateSync (D:\thue_tro_123\fullstack-phong-tro-123\server\node_modules\gensync\index.js:251:28)
    at Function.sync (D:\thue_tro_123\fullstack-phong-tro-123\server\node_modules\gensync\index.js:89:14)
    at sync (D:\thue_tro_123\fullstack-phong-tro-123\server\node_modules\@babel\core\lib\gensync-utils\async.js:78:25)
    at sync (D:\thue_tro_123\fullstack-phong-tro-123\server\node_modules\gensync\index.js:182:19)

Node.js v22.16.0
node:internal/modules/esm/assert:88
        throw new ERR_IMPORT_ATTRIBUTE_MISSING(url, 'type', validType);
              ^

TypeError [ERR_IMPORT_ATTRIBUTE_MISSING]: Module "file:///D:/thue_tro_123/fullstack-phong-tro-123/server/data/chothuephongtro.json" needs an import attribute of "type: json"
    at validateAttributes (node:internal/modules/esm/assert:88:15)
    at defaultLoad (node:internal/modules/esm/load:130:3)
    at async ModuleLoader.loadAndTranslate (node:internal/modules/esm/loader:580:32) {
  code: 'ERR_IMPORT_ATTRIBUTE_MISSING'
}

Node.js v22.16.0
node:internal/modules/esm/assert:88
        throw new ERR_IMPORT_ATTRIBUTE_MISSING(url, 'type', validType);
              ^

TypeError [ERR_IMPORT_ATTRIBUTE_MISSING]: Module "file:///D:/thue_tro_123/fullstack-phong-tro-123/server/data/chothuecanho.json" needs an import attribute of "type: json"
    at validateAttributes (node:internal/modules/esm/assert:88:15)
    at defaultLoad (node:internal/modules/esm/load:130:3)
    at async ModuleLoader.loadAndTranslate (node:internal/modules/esm/loader:580:32) {
  code: 'ERR_IMPORT_ATTRIBUTE_MISSING'
}

Node.js v22.16.0
file:///D:/thue_tro_123/fullstack-phong-tro-123/server/src/services/insert.js:8
import chothuecanho from "../../data/chothuecanho.json" assert { type: "json" };
                                                        ^^^^^^

SyntaxError: Unexpected identifier 'assert'
    at compileSourceTextModule (node:internal/modules/esm/utils:344:16)
    at ModuleLoader.moduleStrategy (node:internal/modules/esm/translators:105:18)
    at #translate (node:internal/modules/esm/loader:534:12)
    at ModuleLoader.loadAndTranslate (node:internal/modules/esm/loader:581:27)

Node.js v22.16.0
file:///D:/thue_tro_123/fullstack-phong-tro-123/server/src/services/insert.js:8
import chothuecanho from "../../data/chothuecanho.json" assert { type: "json" };
                                                        ^^^^^^

SyntaxError: Unexpected identifier 'assert'
    at compileSourceTextModule (node:internal/modules/esm/utils:344:16)
    at ModuleLoader.moduleStrategy (node:internal/modules/esm/translators:105:18)
    at #translate (node:internal/modules/esm/loader:534:12)
    at ModuleLoader.loadAndTranslate (node:internal/modules/esm/loader:581:27)

Node.js v22.16.0
file:///D:/thue_tro_123/fullstack-phong-tro-123/server/src/services/insert.js:8
import chothuecanho from "../../data/chothuecanho.json" assert { type: "json" };
                                                        ^^^^^^

SyntaxError: Unexpected identifier 'assert'
    at compileSourceTextModule (node:internal/modules/esm/utils:344:16)
    at ModuleLoader.moduleStrategy (node:internal/modules/esm/translators:105:18)
    at #translate (node:internal/modules/esm/loader:534:12)
    at ModuleLoader.loadAndTranslate (node:internal/modules/esm/loader:581:27)

Node.js v22.16.0
file:///D:/thue_tro_123/fullstack-phong-tro-123/server/src/services/insert.js:8
import chothuecanho from "../../data/chothuecanho.json" assert { type: "json" };
                                                        ^^^^^^

SyntaxError: Unexpected identifier 'assert'
    at compileSourceTextModule (node:internal/modules/esm/utils:344:16)
    at ModuleLoader.moduleStrategy (node:internal/modules/esm/translators:105:18)
    at #translate (node:internal/modules/esm/loader:534:12)
    at ModuleLoader.loadAndTranslate (node:internal/modules/esm/loader:581:27)

Node.js v22.16.0
file:///D:/thue_tro_123/fullstack-phong-tro-123/server/src/services/insert.js:8
import chothuecanho from "../../data/chothuecanho.json" assert { type: "json" };
                                                        ^^^^^^

SyntaxError: Unexpected identifier 'assert'
    at compileSourceTextModule (node:internal/modules/esm/utils:344:16)
    at ModuleLoader.moduleStrategy (node:internal/modules/esm/translators:105:18)
    at #translate (node:internal/modules/esm/loader:534:12)
    at ModuleLoader.loadAndTranslate (node:internal/modules/esm/loader:581:27)

Node.js v22.16.0
file:///D:/thue_tro_123/fullstack-phong-tro-123/server/src/services/insert.js:8
import chothuecanho from "../../data/chothuecanho.json" assert { type: "json" };
                                                        ^^^^^^

SyntaxError: Unexpected identifier 'assert'
    at compileSourceTextModule (node:internal/modules/esm/utils:344:16)
    at ModuleLoader.moduleStrategy (node:internal/modules/esm/translators:105:18)
    at #translate (node:internal/modules/esm/loader:534:12)
    at ModuleLoader.loadAndTranslate (node:internal/modules/esm/loader:581:27)

Node.js v22.16.0
file:///D:/thue_tro_123/fullstack-phong-tro-123/server/src/services/insert.js:8
import chothuecanho from "../../data/chothuecanho.json" assert { type: "json" };
                                                        ^^^^^^

SyntaxError: Unexpected identifier 'assert'
    at compileSourceTextModule (node:internal/modules/esm/utils:344:16)
    at ModuleLoader.moduleStrategy (node:internal/modules/esm/translators:105:18)
    at #translate (node:internal/modules/esm/loader:534:12)
    at ModuleLoader.loadAndTranslate (node:internal/modules/esm/loader:581:27)

Node.js v22.16.0
(node:25660) MaxListenersExceededWarning: Possible EventEmitter memory leak detected. 11 exit listeners added to [Bus]. MaxListeners is 10. Use emitter.setMaxListeners() to increase limit
(Use `node --trace-warnings ...` to show where the warning was created)
file:///D:/thue_tro_123/fullstack-phong-tro-123/server/src/services/insert.js:8
import chothuecanho from "../../data/chothuecanho.json" assert { type: "json" };
                                                        ^^^^^^

SyntaxError: Unexpected identifier 'assert'
    at compileSourceTextModule (node:internal/modules/esm/utils:344:16)
    at ModuleLoader.moduleStrategy (node:internal/modules/esm/translators:105:18)
    at #translate (node:internal/modules/esm/loader:534:12)
    at ModuleLoader.loadAndTranslate (node:internal/modules/esm/loader:581:27)

Node.js v22.16.0
file:///D:/thue_tro_123/fullstack-phong-tro-123/server/src/services/insert.js:8
import chothuecanho from "../../data/chothuecanho.json" assert { type: "json" };
                                                        ^^^^^^

SyntaxError: Unexpected identifier 'assert'
    at compileSourceTextModule (node:internal/modules/esm/utils:344:16)
    at ModuleLoader.moduleStrategy (node:internal/modules/esm/translators:105:18)
    at #translate (node:internal/modules/esm/loader:534:12)
    at ModuleLoader.loadAndTranslate (node:internal/modules/esm/loader:581:27)

Node.js v22.16.0
file:///D:/thue_tro_123/fullstack-phong-tro-123/server/src/services/insert.js:8
import chothuecanho from "../../data/chothuecanho.json" assert { type: "json" };
                                                        ^^^^^^

SyntaxError: Unexpected identifier 'assert'
    at compileSourceTextModule (node:internal/modules/esm/utils:344:16)
    at ModuleLoader.moduleStrategy (node:internal/modules/esm/translators:105:18)
    at #translate (node:internal/modules/esm/loader:534:12)
    at ModuleLoader.loadAndTranslate (node:internal/modules/esm/loader:581:27)

Node.js v22.16.0
file:///D:/thue_tro_123/fullstack-phong-tro-123/server/src/services/auth.js:1
import db from "../models/index.js";
       ^^
SyntaxError: The requested module '../models/index.js' does not provide an export named 'default'
    at ModuleJob._instantiate (node:internal/modules/esm/module_job:182:21)
    at async ModuleJob.run (node:internal/modules/esm/module_job:266:5)
    at async onImport.tracePromise.__proto__ (node:internal/modules/esm/loader:644:26)
    at async asyncRunEntryPointWithESMLoader (node:internal/modules/run_main:117:5)

Node.js v22.16.0
file:///D:/thue_tro_123/fullstack-phong-tro-123/server/src/services/auth.js:1
import db from "../models/index.js";
       ^^
SyntaxError: The requested module '../models/index.js' does not provide an export named 'default'
    at ModuleJob._instantiate (node:internal/modules/esm/module_job:182:21)
    at async ModuleJob.run (node:internal/modules/esm/module_job:266:5)
    at async onImport.tracePromise.__proto__ (node:internal/modules/esm/loader:644:26)
    at async asyncRunEntryPointWithESMLoader (node:internal/modules/run_main:117:5)

Node.js v22.16.0
file:///D:/thue_tro_123/fullstack-phong-tro-123/server/src/ultis/generateCode.js:1
require('../config/loadEnv')
^

ReferenceError: require is not defined in ES module scope, you can use import instead
This file is being treated as an ES module because it has a '.js' file extension and 'D:\thue_tro_123\fullstack-phong-tro-123\server\package.json' contains "type": "module". To treat it as a CommonJS script, rename it to use the '.cjs' file extension.
    at file:///D:/thue_tro_123/fullstack-phong-tro-123/server/src/ultis/generateCode.js:1:1
    at ModuleJob.run (node:internal/modules/esm/module_job:274:25)
    at onImport.tracePromise.__proto__ (node:internal/modules/esm/loader:644:26)
    at asyncRunEntryPointWithESMLoader (node:internal/modules/run_main:117:5)

Node.js v22.16.0
file:///D:/thue_tro_123/fullstack-phong-tro-123/server/src/ultis/generateCode.js:1
require('../config/loadEnv')
^

ReferenceError: require is not defined in ES module scope, you can use import instead
This file is being treated as an ES module because it has a '.js' file extension and 'D:\thue_tro_123\fullstack-phong-tro-123\server\package.json' contains "type": "module". To treat it as a CommonJS script, rename it to use the '.cjs' file extension.
    at file:///D:/thue_tro_123/fullstack-phong-tro-123/server/src/ultis/generateCode.js:1:1
    at ModuleJob.run (node:internal/modules/esm/module_job:274:25)
    at onImport.tracePromise.__proto__ (node:internal/modules/esm/loader:644:26)
    at asyncRunEntryPointWithESMLoader (node:internal/modules/run_main:117:5)

Node.js v22.16.0
file:///D:/thue_tro_123/fullstack-phong-tro-123/server/src/ultis/generateCode.js:1
require('../config/loadEnv')
^

ReferenceError: require is not defined in ES module scope, you can use import instead
This file is being treated as an ES module because it has a '.js' file extension and 'D:\thue_tro_123\fullstack-phong-tro-123\server\package.json' contains "type": "module". To treat it as a CommonJS script, rename it to use the '.cjs' file extension.
    at file:///D:/thue_tro_123/fullstack-phong-tro-123/server/src/ultis/generateCode.js:1:1
    at ModuleJob.run (node:internal/modules/esm/module_job:274:25)
    at onImport.tracePromise.__proto__ (node:internal/modules/esm/loader:644:26)
    at asyncRunEntryPointWithESMLoader (node:internal/modules/run_main:117:5)

Node.js v22.16.0
file:///D:/thue_tro_123/fullstack-phong-tro-123/server/src/ultis/generateCode.js:1
require('../config/loadEnv')
^

ReferenceError: require is not defined in ES module scope, you can use import instead
This file is being treated as an ES module because it has a '.js' file extension and 'D:\thue_tro_123\fullstack-phong-tro-123\server\package.json' contains "type": "module". To treat it as a CommonJS script, rename it to use the '.cjs' file extension.
    at file:///D:/thue_tro_123/fullstack-phong-tro-123/server/src/ultis/generateCode.js:1:1
    at ModuleJob.run (node:internal/modules/esm/module_job:274:25)
    at onImport.tracePromise.__proto__ (node:internal/modules/esm/loader:644:26)
    at asyncRunEntryPointWithESMLoader (node:internal/modules/run_main:117:5)

Node.js v22.16.0
file:///D:/thue_tro_123/fullstack-phong-tro-123/server/src/ultis/generateCode.js:1
require('../config/loadEnv')
^

ReferenceError: require is not defined in ES module scope, you can use import instead
This file is being treated as an ES module because it has a '.js' file extension and 'D:\thue_tro_123\fullstack-phong-tro-123\server\package.json' contains "type": "module". To treat it as a CommonJS script, rename it to use the '.cjs' file extension.
    at file:///D:/thue_tro_123/fullstack-phong-tro-123/server/src/ultis/generateCode.js:1:1
    at ModuleJob.run (node:internal/modules/esm/module_job:274:25)
    at onImport.tracePromise.__proto__ (node:internal/modules/esm/loader:644:26)
    at asyncRunEntryPointWithESMLoader (node:internal/modules/run_main:117:5)

Node.js v22.16.0
file:///D:/thue_tro_123/fullstack-phong-tro-123/server/src/ultis/generateCode.js:1
require('../config/loadEnv')
^

ReferenceError: require is not defined in ES module scope, you can use import instead
This file is being treated as an ES module because it has a '.js' file extension and 'D:\thue_tro_123\fullstack-phong-tro-123\server\package.json' contains "type": "module". To treat it as a CommonJS script, rename it to use the '.cjs' file extension.
    at file:///D:/thue_tro_123/fullstack-phong-tro-123/server/src/ultis/generateCode.js:1:1
    at ModuleJob.run (node:internal/modules/esm/module_job:274:25)
    at onImport.tracePromise.__proto__ (node:internal/modules/esm/loader:644:26)
    at asyncRunEntryPointWithESMLoader (node:internal/modules/run_main:117:5)

Node.js v22.16.0
file:///D:/thue_tro_123/fullstack-phong-tro-123/server/src/ultis/generateCode.js:1
require('../config/loadEnv')
^

ReferenceError: require is not defined in ES module scope, you can use import instead
This file is being treated as an ES module because it has a '.js' file extension and 'D:\thue_tro_123\fullstack-phong-tro-123\server\package.json' contains "type": "module". To treat it as a CommonJS script, rename it to use the '.cjs' file extension.
    at file:///D:/thue_tro_123/fullstack-phong-tro-123/server/src/ultis/generateCode.js:1:1
    at ModuleJob.run (node:internal/modules/esm/module_job:274:25)
    at onImport.tracePromise.__proto__ (node:internal/modules/esm/loader:644:26)
    at asyncRunEntryPointWithESMLoader (node:internal/modules/run_main:117:5)

Node.js v22.16.0
file:///D:/thue_tro_123/fullstack-phong-tro-123/server/src/ultis/generateCode.js:1
require("../config/loadEnv.cjs");
^

ReferenceError: require is not defined in ES module scope, you can use import instead
This file is being treated as an ES module because it has a '.js' file extension and 'D:\thue_tro_123\fullstack-phong-tro-123\server\package.json' contains "type": "module". To treat it as a CommonJS script, rename it to use the '.cjs' file extension.
    at file:///D:/thue_tro_123/fullstack-phong-tro-123/server/src/ultis/generateCode.js:1:1
    at ModuleJob.run (node:internal/modules/esm/module_job:274:25)
    at onImport.tracePromise.__proto__ (node:internal/modules/esm/loader:644:26)
    at asyncRunEntryPointWithESMLoader (node:internal/modules/run_main:117:5)

Node.js v22.16.0
file:///D:/thue_tro_123/fullstack-phong-tro-123/server/src/ultis/generateCode.js:1
require("../config/loadEnv.cjs");
^

ReferenceError: require is not defined in ES module scope, you can use import instead
This file is being treated as an ES module because it has a '.js' file extension and 'D:\thue_tro_123\fullstack-phong-tro-123\server\package.json' contains "type": "module". To treat it as a CommonJS script, rename it to use the '.cjs' file extension.
    at file:///D:/thue_tro_123/fullstack-phong-tro-123/server/src/ultis/generateCode.js:1:1
    at ModuleJob.run (node:internal/modules/esm/module_job:274:25)
    at onImport.tracePromise.__proto__ (node:internal/modules/esm/loader:644:26)
    at asyncRunEntryPointWithESMLoader (node:internal/modules/run_main:117:5)

Node.js v22.16.0
file:///D:/thue_tro_123/fullstack-phong-tro-123/server/src/ultis/generateCode.js:1
require("../config/loadEnv.cjs");
^

ReferenceError: require is not defined in ES module scope, you can use import instead
This file is being treated as an ES module because it has a '.js' file extension and 'D:\thue_tro_123\fullstack-phong-tro-123\server\package.json' contains "type": "module". To treat it as a CommonJS script, rename it to use the '.cjs' file extension.
    at file:///D:/thue_tro_123/fullstack-phong-tro-123/server/src/ultis/generateCode.js:1:1
    at ModuleJob.run (node:internal/modules/esm/module_job:274:25)
    at onImport.tracePromise.__proto__ (node:internal/modules/esm/loader:644:26)
    at asyncRunEntryPointWithESMLoader (node:internal/modules/run_main:117:5)

Node.js v22.16.0
file:///D:/thue_tro_123/fullstack-phong-tro-123/server/src/ultis/generateCode.js:1
require("../config/loadEnv.cjs");
^

ReferenceError: require is not defined in ES module scope, you can use import instead
This file is being treated as an ES module because it has a '.js' file extension and 'D:\thue_tro_123\fullstack-phong-tro-123\server\package.json' contains "type": "module". To treat it as a CommonJS script, rename it to use the '.cjs' file extension.
    at file:///D:/thue_tro_123/fullstack-phong-tro-123/server/src/ultis/generateCode.js:1:1
    at ModuleJob.run (node:internal/modules/esm/module_job:274:25)
    at onImport.tracePromise.__proto__ (node:internal/modules/esm/loader:644:26)
    at asyncRunEntryPointWithESMLoader (node:internal/modules/run_main:117:5)

Node.js v22.16.0
file:///D:/thue_tro_123/fullstack-phong-tro-123/server/src/ultis/generateCode.js:1
require("../config/loadEnv.cjs");
^

ReferenceError: require is not defined in ES module scope, you can use import instead
This file is being treated as an ES module because it has a '.js' file extension and 'D:\thue_tro_123\fullstack-phong-tro-123\server\package.json' contains "type": "module". To treat it as a CommonJS script, rename it to use the '.cjs' file extension.
    at file:///D:/thue_tro_123/fullstack-phong-tro-123/server/src/ultis/generateCode.js:1:1
    at ModuleJob.run (node:internal/modules/esm/module_job:274:25)
    at onImport.tracePromise.__proto__ (node:internal/modules/esm/loader:644:26)
    at asyncRunEntryPointWithESMLoader (node:internal/modules/run_main:117:5)

Node.js v22.16.0
file:///D:/thue_tro_123/fullstack-phong-tro-123/server/src/services/post.js:8
const { buildPostWhereClause } = require("../ultis/postFilters");
                                 ^

ReferenceError: require is not defined in ES module scope, you can use import instead
This file is being treated as an ES module because it has a '.js' file extension and 'D:\thue_tro_123\fullstack-phong-tro-123\server\package.json' contains "type": "module". To treat it as a CommonJS script, rename it to use the '.cjs' file extension.
    at file:///D:/thue_tro_123/fullstack-phong-tro-123/server/src/services/post.js:8:34
    at ModuleJob.run (node:internal/modules/esm/module_job:274:25)
    at onImport.tracePromise.__proto__ (node:internal/modules/esm/loader:644:26)
    at asyncRunEntryPointWithESMLoader (node:internal/modules/run_main:117:5)

Node.js v22.16.0
file:///D:/thue_tro_123/fullstack-phong-tro-123/server/src/services/post.js:42
const SERVER_ROOT_DIR = path.resolve(__dirname, "../..");
                                     ^

ReferenceError: __dirname is not defined in ES module scope
This file is being treated as an ES module because it has a '.js' file extension and 'D:\thue_tro_123\fullstack-phong-tro-123\server\package.json' contains "type": "module". To treat it as a CommonJS script, rename it to use the '.cjs' file extension.
    at file:///D:/thue_tro_123/fullstack-phong-tro-123/server/src/services/post.js:42:38
    at ModuleJob.run (node:internal/modules/esm/module_job:274:25)
    at onImport.tracePromise.__proto__ (node:internal/modules/esm/loader:644:26)
    at asyncRunEntryPointWithESMLoader (node:internal/modules/run_main:117:5)

Node.js v22.16.0
file:///D:/thue_tro_123/fullstack-phong-tro-123/server/src/services/user.js:6
require("../config/loadEnv.cjs");
^

ReferenceError: require is not defined in ES module scope, you can use import instead
This file is being treated as an ES module because it has a '.js' file extension and 'D:\thue_tro_123\fullstack-phong-tro-123\server\package.json' contains "type": "module". To treat it as a CommonJS script, rename it to use the '.cjs' file extension.
    at file:///D:/thue_tro_123/fullstack-phong-tro-123/server/src/services/user.js:6:1
    at ModuleJob.run (node:internal/modules/esm/module_job:274:25)
    at onImport.tracePromise.__proto__ (node:internal/modules/esm/loader:644:26)
    at asyncRunEntryPointWithESMLoader (node:internal/modules/run_main:117:5)

Node.js v22.16.0
file:///D:/thue_tro_123/fullstack-phong-tro-123/server/src/services/user.js:6
require("../config/loadEnv.cjs");
^

ReferenceError: require is not defined in ES module scope, you can use import instead
This file is being treated as an ES module because it has a '.js' file extension and 'D:\thue_tro_123\fullstack-phong-tro-123\server\package.json' contains "type": "module". To treat it as a CommonJS script, rename it to use the '.cjs' file extension.
    at file:///D:/thue_tro_123/fullstack-phong-tro-123/server/src/services/user.js:6:1
    at ModuleJob.run (node:internal/modules/esm/module_job:274:25)
    at onImport.tracePromise.__proto__ (node:internal/modules/esm/loader:644:26)
    at asyncRunEntryPointWithESMLoader (node:internal/modules/run_main:117:5)

Node.js v22.16.0
file:///D:/thue_tro_123/fullstack-phong-tro-123/server/src/services/user.js:6
require("../config/loadEnv.cjs");
^

ReferenceError: require is not defined in ES module scope, you can use import instead
This file is being treated as an ES module because it has a '.js' file extension and 'D:\thue_tro_123\fullstack-phong-tro-123\server\package.json' contains "type": "module". To treat it as a CommonJS script, rename it to use the '.cjs' file extension.
    at file:///D:/thue_tro_123/fullstack-phong-tro-123/server/src/services/user.js:6:1
    at ModuleJob.run (node:internal/modules/esm/module_job:274:25)
    at onImport.tracePromise.__proto__ (node:internal/modules/esm/loader:644:26)
    at asyncRunEntryPointWithESMLoader (node:internal/modules/run_main:117:5)

Node.js v22.16.0
file:///D:/thue_tro_123/fullstack-phong-tro-123/server/src/services/savedPost.js:3
const { POST_STATUS_PUBLISHED, normalizePostStatus } = require("../ultis/accessControl");
                                                       ^

ReferenceError: require is not defined in ES module scope, you can use import instead
This file is being treated as an ES module because it has a '.js' file extension and 'D:\thue_tro_123\fullstack-phong-tro-123\server\package.json' contains "type": "module". To treat it as a CommonJS script, rename it to use the '.cjs' file extension.
    at file:///D:/thue_tro_123/fullstack-phong-tro-123/server/src/services/savedPost.js:3:56
    at ModuleJob.run (node:internal/modules/esm/module_job:274:25)
    at onImport.tracePromise.__proto__ (node:internal/modules/esm/loader:644:26)
    at asyncRunEntryPointWithESMLoader (node:internal/modules/run_main:117:5)

Node.js v22.16.0
node:events:496
      throw er; // Unhandled 'error' event
      ^

Error: listen EADDRINUSE: address already in use :::5000
    at Server.setupListenHandle [as _listen2] (node:net:1939:16)
    at listenInCluster (node:net:1996:12)
    at Server.listen (node:net:2101:7)
    at Function.listen (D:\thue_tro_123\fullstack-phong-tro-123\server\node_modules\express\lib\application.js:635:24)
    at file:///D:/thue_tro_123/fullstack-phong-tro-123/server/server.js:452:22
    at ModuleJob.run (node:internal/modules/esm/module_job:274:25)
    at onImport.tracePromise.__proto__ (node:internal/modules/esm/loader:644:26)
    at asyncRunEntryPointWithESMLoader (node:internal/modules/run_main:117:5)
Emitted 'error' event on Server instance at:
    at emitErrorNT (node:net:1975:8)
    at processTicksAndRejections (node:internal/process/task_queues:90:21) {
  code: 'EADDRINUSE',
  errno: -4091,
  syscall: 'listen',
  address: '::',
  port: 5000
}

Node.js v22.16.0
node:events:496
      throw er; // Unhandled 'error' event
      ^

Error: listen EADDRINUSE: address already in use :::5000
    at Server.setupListenHandle [as _listen2] (node:net:1939:16)
    at listenInCluster (node:net:1996:12)
    at Server.listen (node:net:2101:7)
    at Function.listen (D:\thue_tro_123\fullstack-phong-tro-123\server\node_modules\express\lib\application.js:635:24)
    at file:///D:/thue_tro_123/fullstack-phong-tro-123/server/server.js:452:22
    at ModuleJob.run (node:internal/modules/esm/module_job:274:25)
    at onImport.tracePromise.__proto__ (node:internal/modules/esm/loader:644:26)
    at asyncRunEntryPointWithESMLoader (node:internal/modules/run_main:117:5)
Emitted 'error' event on Server instance at:
    at emitErrorNT (node:net:1975:8)
    at processTicksAndRejections (node:internal/process/task_queues:90:21) {
  code: 'EADDRINUSE',
  errno: -4091,
  syscall: 'listen',
  address: '::',
  port: 5000
}

Node.js v22.16.0
